<html>
<body>
<pre>
<h1>礦ision Build Log</h1>
<h2>Tool Versions:</h2>
IDE-Version: μVision V5.21.1.0
Copyright (C) 2016 ARM Ltd and ARM Germany GmbH. All rights reserved.
License Information: Xu Xuj, Xuj, LIC=D0D7S-L6C2I-LQJ0Q-NDF2Y-I0FQJ-WVN6S
 
Tool Versions:
Toolchain:       MDK-ARM Plus  Version: 5.21a
Toolchain Path:  D:\Keil_5\ARM\ARMCC\Bin
C Compiler:      Armcc.exe V5.06 update 3 (build 300)
Assembler:       Armasm.exe V5.06 update 3 (build 300)
Linker/Locator:  ArmLink.exe V5.06 update 3 (build 300)
Library Manager: ArmAr.exe V5.06 update 3 (build 300)
Hex Converter:   FromElf.exe V5.06 update 3 (build 300)
CPU DLL:         SARMCM3.DLL V5.21a
Dialog DLL:      DCM.DLL V1.13.8.0
Target DLL:      STLink\ST-LINKIII-KEIL_SWO.dll V2.0.18.0
Dialog DLL:      TCM.DLL V1.14.14.0
 
<h2>Project:</h2>
D:\IoT_Engineering_19\学业文档\课外学习\STM32\Wanlix_OS\project\Wanlix_OS.uvprojx
Project File Date:  12/09/2020

<h2>Output:</h2>
*** Using Compiler 'V5.06 update 3 (build 300)', folder: 'D:\Keil_5\ARM\ARMCC\Bin'
Build target 'Wanlix_OS'
compiling wlx_RootTask.c...
compiling wlx_core_c.c...
compiling device.c...
compiling Wanlix_usertask.c...
linking...
Program Size: Code=3588 RO-data=2340 RW-data=44 ZI-data=2564  
FromELF: creating hex file...
"..\outfile\Wanlix_OS.axf" - 0 Error(s), 0 Warning(s).

<h2>Collection of Component include folders:</h2>
  D:\IoT_Engineering_19\学业文档\课外学习\STM32\Wanlix_OS\project\RTE
  D:\Keil_5\ARM\PACK\Keil\STM32F1xx_DFP\2.2.0\Device\Include

<h2>Collection of Component Files used:</h2>
Build Time Elapsed:  00:00:01
</pre>
</body>
</html>
